// Vitest Snapshot v1, https://vitest.dev/guide/snapshot.html

exports[`Tooltip snapshot test 1`] = `"<button data-closed="" role="tooltip" class="focus:ring-2 ring-offset-2 ring-blue-500 outline-none rounded-sm"><button>Hover me</button></button>"`;
