// Vitest Snapshot v1, https://vitest.dev/guide/snapshot.html

exports[`Main snapshot test 1`] = `"<main class="px-4 pt-16 sm:pt-4 w-full bg-white"> </main>"`;
