// Vitest Snapshot v1, https://vitest.dev/guide/snapshot.html

exports[`Modal snapshot test 1`] = `""`;
