// Vitest Snapshot v1, https://vitest.dev/guide/snapshot.html

exports[`Card snapshot test 1`] = `"<article class="shadow rounded-lg bg-white p-6 mb-4 undefined">Card content</article>"`;
