// Vitest Snapshot v1, https://vitest.dev/guide/snapshot.html

exports[`Accordion snapshot test 1`] = `"<div id="accordion-cl-17" class="accordion rounded" role="list"><div data-closed="" id="accordion-cl-17-item-cl-18" class="accordion__item "><h3 data-closed="" class="accordion__item-header rounded border-gray-200 bg-white text-black"><button type="button" aria-expanded="false" data-closed="" data-key="1" id="accordion-cl-17-item-cl-18-trigger" class="accordion__item-trigger">Header 1<svg class="accordion__item-trigger-icon" aria-hidden="true" fill="none" stroke-width="2" xmlns="http://www.w3.org/2000/svg" stroke="currentColor" stroke-linecap="round" stroke-linejoin="round" viewBox="0 0 24 24" height="1em" width="1em" style="overflow: visible; color: currentcolor;"><path d="M6 9 12 15 18 9"></path></svg></button></h3></div><div data-closed="" id="accordion-cl-17-item-cl-20" class="accordion__item "><h3 data-closed="" class="accordion__item-header rounded border-gray-200 bg-white text-black"><button type="button" aria-expanded="false" data-closed="" data-key="2" id="accordion-cl-17-item-cl-20-trigger" class="accordion__item-trigger">Header 2<svg class="accordion__item-trigger-icon" aria-hidden="true" fill="none" stroke-width="2" xmlns="http://www.w3.org/2000/svg" stroke="currentColor" stroke-linecap="round" stroke-linejoin="round" viewBox="0 0 24 24" height="1em" width="1em" style="overflow: visible; color: currentcolor;"><path d="M6 9 12 15 18 9"></path></svg></button></h3></div></div>"`;
