// Vitest Snapshot v1, https://vitest.dev/guide/snapshot.html

exports[`Heading snapshot test 1`] = `"<h1 class="text-2xl mb-4">Heading content</h1>"`;
