// Vitest Snapshot v1, https://vitest.dev/guide/snapshot.html

exports[`Toast snapshot test 1`] = `"<div role="region" tabindex="-1" aria-label="Notifications (alt+T)" style="pointer-events: none;" data-kb-top-layer="" id="toast-region-cl-6"><li role="status" tabindex="0" style="user-select: none;" aria-live="assertive" aria-atomic="true" data-opened="" data-swipe-direction="right" id="toast-cl-7" class="group block pointer-events-auto relative w-full items-center justify-between space-x-4 overflow-hidden rounded-md p-6 pr-8 shadow-lg transition-all data-[swipe=cancel]:translate-x-0 data-[swipe=end]:translate-x-[var(--kb-toast-swipe-end-x)] data-[swipe=move]:translate-x-[var(--kb-toast-swipe-move-x)] data-[swipe=move]:transition-none data-[opened]:animate-in data-[closed]:animate-out data-[swipe=end]:animate-out data-[closed]:fade-out-80 data-[closed]:slide-out-to-right-full data-[opened]:slide-in-from-top-full data-[opened]:sm:slide-in-from-bottom-full border-l-4 !border-t-gray-200 !border-r-gray-200 !border-b-gray-200 border border-green-700" aria-labelledby="toast-cl-7-title" aria-describedby="toast-cl-7-description"><div id="toast-cl-7-title">Test title</div><div id="toast-cl-7-description" class="text-sm !ml-0">Test description</div></li></div>"`;
