// Vitest Snapshot v1, https://vitest.dev/guide/snapshot.html

exports[`Button snapshot test  1`] = `"<button type="button" class="flex items-center justify-center sm:justify-start rounded ring-offset-1 focus:ring-2 outline-none w-full sm:w-fit h-4 p-4 transition-all duration-300 bg-blue-500 text-white ring-blue-500">Click me</button>"`;
